// Jest Snapshot v1, https://goo.gl/fbAQLP

exports[`EthRestakeBlocklistVault deposit can be called by not blocked user 1`] = `
Object {
  "calldataByteLength": 68,
  "gasUsed": 70990,
}
`;

exports[`EthRestakeBlocklistVault deposit deposit through receive fallback can be called by not blocked sender 1`] = `
Object {
  "calldataByteLength": 4,
  "gasUsed": 76519,
}
`;
