// Jest Snapshot v1, https://goo.gl/fbAQLP

exports[`EthVault - register multiple validators succeeds 1`] = `
Object {
  "calldataByteLength": 3332,
  "gasUsed": 673647,
}
`;

exports[`EthVault - register single validator succeeds 1`] = `
Object {
  "calldataByteLength": 1156,
  "gasUsed": 324126,
}
`;
