// Jest Snapshot v1, https://goo.gl/fbAQLP

exports[`EthVault - register multiple validators succeeds 1`] = `
Object {
  "calldataByteLength": 3492,
  "gasUsed": 740360,
}
`;

exports[`EthVault - register single validator succeeds 1`] = `
Object {
  "calldataByteLength": 1316,
  "gasUsed": 373888,
}
`;
