// Jest Snapshot v1, https://goo.gl/fbAQLP

exports[`EthVault - multicall can update state and queue for exit 1`] = `
Object {
  "calldataByteLength": 516,
  "gasUsed": 168343,
}
`;

exports[`EthVault - multicall can update state and queue for exit 2`] = `
Object {
  "calldataByteLength": 548,
  "gasUsed": 109728,
}
`;
